// Jest Snapshot v1, https://goo.gl/fbAQLP

exports[`Session shows loading screen 1`] = `"<div>Loading...</div>"`;
